Title:				Project Work Log9
Project Description:		LANDIS-II upgrades/corrections
Project ID:			2016SoE021
Author:				bmarron
Origin Date:			13 Nov 2016
Revision Date:					


#########################################################################
Log:
changes Pushed to Austen's updates
(see https://github.com/bmarron18/Extension-Base-Harvest/pull/1)
#########################################################################




	a. clone a fresh repo
bmarr@DESKTOP-1KEFDDQ MINGW64 ~/Desktop/BaseHarvest_11212016
$ git clone https://github.com/bmarron18/Extension-Base-Harvest.git

	b. changes: change "base-harvest.csproj.user" and delete "base-harvest.sln"
<ReferencePath>C:\Users\bmarr\Desktop\BaseHarvest_testRepo\Extension-Base-Harvest\src\libs\</ReferencePath>

	b1. push changes

$ git status
On branch master
Your branch is up-to-date with 'origin/master'.
Changes not staged for commit:
  (use "git add/rm <file>..." to update what will be committed)
  (use "git checkout -- <file>..." to discard changes in working directory)

        modified:   src/base-harvest.csproj.user			#in red
        deleted:    src/base-harvest.sln

no changes added to commit (use "git add" and/or "git commit -a")


$ git add --all
$ git status
On branch master
Your branch is up-to-date with 'origin/master'.
Changes to be committed:
  (use "git reset HEAD <file>..." to unstage)

        modified:   src/base-harvest.csproj.user			#in green
        deleted:    src/base-harvest.sln

$ git commit
unix2dos: converting file C:/Users/bmarr/Desktop/BaseHarvest_11212016/Extension-Base-Harvest/.git/COMMIT_EDITMSG to DOS format...
dos2unix: converting file C:/Users/bmarr/Desktop/BaseHarvest_11212016/Extension-Base-Harvest/.git/COMMIT_EDITMSG to Unix format...
[master db40f5e] Modified "base-harvest.csproj.user" for pedagogy; removed antiquated "base-harvest.sln" (Marron)
 2 files changed, 2 insertions(+), 22 deletions(-)
 delete mode 100644 src/base-harvest.sln

$ git status
On branch master
Your branch is ahead of 'origin/master' by 1 commit.
  (use "git push" to publish your local commits)
nothing to commit, working tree clean


$ git push origin master
Counting objects: 4, done.
Delta compression using up to 4 threads.
Compressing objects: 100% (4/4), done.
Writing objects: 100% (4/4), 440 bytes | 0 bytes/s, done.
Total 4 (delta 3), reused 0 (delta 0)
remote: Resolving deltas: 100% (3/3), completed with 3 local objects.
To https://github.com/bmarron18/Extension-Base-Harvest.git
   ebadd74..db40f5e  master -> master



	c. changes: modify ...src\libs readme.txt
	c1. push changes

$ git status
$ git add --all
$ git commit
$ git push origin master


	d. changes: remove spurious comments to InputParametersParser.cs and PlugIn.cs
	d1. push changes

$ git status
$ git add --all
$ git commit
$ git push origin master



	e. changes: update the README.txt
	e1. push changes

$ git status
$ git add --all
$ git commit
$ git push origin master




