Title:				re-build Landis.Library.HarvestManagement-v2.dll
Project Description:		LANDIS-II upgrades/corrections
Project ID:			2016SoE021
Author:				bmarron
Origin Date:			13 Feb 2017
Final Date:			



#############################################
re-build of Landis.Library.HarvestManagement
##############################################
	a1. TimeSinceDisturbance.cs, TimeSinceLastFire.cs, TimeSinceLastWind.cs not in .csproj file
		==> added files to .csproj with Vim

	a2. Oops! ran in VS but got "build failed" b/c the new, Austen .cmd file for libraries not here 
		==> copied "install-libs.cmd" from BaseHarvest
		==> copied "WinPkgTools" from BaseHarvest

	a3. Oops! Checked/modified VS Properties
		==> add library script
		==> delete SDK reference

Application
Landis.Library.HarvestManagement-v2	<== name of re-build
.NET Framework 3.5			<== check still using same .NET Framework

Build Events
Pre-build event command line:
call $(SolutionDir)\install-libs.cmd	<==ADD

Post-build event command line:
"$(LANDIS_SDK)\staging\copy-to-build-dir.cmd" "$(ProjectDir)staging-list.txt" $(OutDir) <==DELETE



	b. synopsis re-build "Landis.Library.HarvestManagement-v2.dll"

		==> modify .csproj file (Vim)
			*add TimeSinceDisturbance.cs
			*add TimeSinceLastFire.cs
			*add TimeSinceLastWind.cs 


		==> modify \src directory for re-build
			*add "install-libs.cmd" (from BaseHarvest)
			* add "WinPkgTools" (from BaseHarvest)


		==> modify VS "Properties" 
			*add "call $(SolutionDir)\install-libs.cmd" (Pre-build event command line)
			*delete SDK reference (Post-build event command line)
"$(LANDIS_SDK)\staging\copy-to-build-dir.cmd" "$(ProjectDir)staging-list.txt" $(OutDir)


		==> push copy of "Landis.Library.HarvestManagement-v2.dll" to Support Library DLLs
			* pull request to
			  https://github.com/LANDIS-II-Foundation/Support-Library-Dlls






	b. build successful! fresh, Landis.Library.HarvestManagement-v2.dll
========== Build: 1 succeeded, 0 failed, 0 up-to-date, 0 skipped ==========




###############################################
Push changes to Library-Harvest-Management
#############################################

	a. Push changes Library-Harvest-Management
	a1. create fork of repo: bmarron/Library-Harvest-Management
	a2. clone to desktop and make changes
		==> see "new file:" list below
	a3. check status
	a4. push to my forked repo
	a5. Pull request to Rob

$ git clone https://github.com/bmarron18/Library-Harvest-Mgmt.git
$ git status
On branch master
Your branch is up-to-date with 'origin/master'.
Changes not staged for commit:
  (use "git add <file>..." to update what will be committed)
  (use "git checkout -- <file>..." to discard changes in working directory)

        modified:   src/harvest-mgmt-lib.csproj

Untracked files:
  (use "git add <file>..." to include in what will be committed)

        src/WinPkgTools/
        src/harvest-mgmt-lib.sln
        src/install-libs.cmd
        src/obj/

no changes added to commit (use "git add" and/or "git commit -a")

$ git add --all
$ git status
On branch master
Your branch is up-to-date with 'origin/master'.
Changes to be committed:
  (use "git reset HEAD <file>..." to unstage)

        new file:   src/WinPkgTools/Info-ZIP-LICENSE.txt
        new file:   src/WinPkgTools/Landis.Tools.DownloadFile.exe
        new file:   src/WinPkgTools/getPackage.cmd
        new file:   src/WinPkgTools/unzip.exe
        modified:   src/harvest-mgmt-lib.csproj
        new file:   src/harvest-mgmt-lib.sln
        new file:   src/install-libs.cmd
        new file:   src/obj/Debug/DesignTimeResolveAssemblyReferencesInput.cache
        new file:   src/obj/Debug/Landis.Library.HarvestManagement-v2.dll
        new file:   src/obj/Debug/Landis.Library.HarvestManagement-v2.pdb
        new file:   src/obj/Debug/harvest-mgmt-lib.csproj.FileListAbsolute.txt
        new file:   src/obj/Debug/harvest-mgmt-lib.csprojResolveAssemblyReference.cache

$ git commit
$ git push origin master



#######################################
Push changes to Support-Library-DLLs
#######################################

	b. Push changes to Support-Library-DLLs
	b1. clone to desktop and make changes
		==> add Landis.Library.BiomassHarvest-v2.dll
	b2. check status
	b3. push to my repo
	b4. Pull request to Rob


$ git status
On branch master
Your branch is up-to-date with 'origin/master'.
Untracked files:
  (use "git add <file>..." to include in what will be committed)

        Landis.Library.HarvestManagement-v2.dll

nothing added to commit but untracked files present (use "git add" to track)

$ git add --all
$ git commit
$ git push origin master



